// Jest Snapshot v1, https://goo.gl/fbAQLP

exports[`Card should render a card 1`] = `
ShallowWrapper {
  "length": 1,
  Symbol(enzyme.__root__): [Circular],
  Symbol(enzyme.__unrendered__): <Card />,
  Symbol(enzyme.__renderer__): Object {
    "batchedUpdates": [Function],
    "getNode": [Function],
    "render": [Function],
    "simulateEvent": [Function],
    "unmount": [Function],
  },
  Symbol(enzyme.__node__): Object {
    "instance": null,
    "key": undefined,
    "nodeType": "host",
    "props": Object {
      "children": <div
        className="flipper"
>
        <div
                className="Card front"
        >
                <img
                        src="https://image.tmdb.org/t/p/w500undefined"
                />
        </div>
        <div
                className="Card back"
        >
                <h1 />
                <h3>
                        Rating: 
                </h3>
                <h3 />
                <p />
        </div>
</div>,
      "className": "flip-container",
    },
    "ref": null,
    "rendered": Object {
      "instance": null,
      "key": undefined,
      "nodeType": "host",
      "props": Object {
        "children": Array [
          <div
            className="Card front"
>
            <img
                        src="https://image.tmdb.org/t/p/w500undefined"
            />
</div>,
          <div
            className="Card back"
>
            <h1 />
            <h3>
                        Rating: 
            </h3>
            <h3 />
            <p />
</div>,
        ],
        "className": "flipper",
      },
      "ref": null,
      "rendered": Array [
        Object {
          "instance": null,
          "key": undefined,
          "nodeType": "host",
          "props": Object {
            "children": <img
              src="https://image.tmdb.org/t/p/w500undefined"
/>,
            "className": "Card front",
          },
          "ref": null,
          "rendered": Object {
            "instance": null,
            "key": undefined,
            "nodeType": "host",
            "props": Object {
              "src": "https://image.tmdb.org/t/p/w500undefined",
            },
            "ref": null,
            "rendered": null,
            "type": "img",
          },
          "type": "div",
        },
        Object {
          "instance": null,
          "key": undefined,
          "nodeType": "host",
          "props": Object {
            "children": Array [
              <h1 />,
              <h3>
                Rating: 
</h3>,
              <h3 />,
              <p />,
            ],
            "className": "Card back",
          },
          "ref": null,
          "rendered": Array [
            Object {
              "instance": null,
              "key": undefined,
              "nodeType": "host",
              "props": Object {
                "children": undefined,
              },
              "ref": null,
              "rendered": null,
              "type": "h1",
            },
            Object {
              "instance": null,
              "key": undefined,
              "nodeType": "host",
              "props": Object {
                "children": Array [
                  "Rating: ",
                  undefined,
                ],
              },
              "ref": null,
              "rendered": Array [
                "Rating: ",
                undefined,
              ],
              "type": "h3",
            },
            Object {
              "instance": null,
              "key": undefined,
              "nodeType": "host",
              "props": Object {
                "children": undefined,
              },
              "ref": null,
              "rendered": null,
              "type": "h3",
            },
            Object {
              "instance": null,
              "key": undefined,
              "nodeType": "host",
              "props": Object {
                "children": undefined,
              },
              "ref": null,
              "rendered": null,
              "type": "p",
            },
          ],
          "type": "div",
        },
      ],
      "type": "div",
    },
    "type": "div",
  },
  Symbol(enzyme.__nodes__): Array [
    Object {
      "instance": null,
      "key": undefined,
      "nodeType": "host",
      "props": Object {
        "children": <div
          className="flipper"
>
          <div
                    className="Card front"
          >
                    <img
                              src="https://image.tmdb.org/t/p/w500undefined"
                    />
          </div>
          <div
                    className="Card back"
          >
                    <h1 />
                    <h3>
                              Rating: 
                    </h3>
                    <h3 />
                    <p />
          </div>
</div>,
        "className": "flip-container",
      },
      "ref": null,
      "rendered": Object {
        "instance": null,
        "key": undefined,
        "nodeType": "host",
        "props": Object {
          "children": Array [
            <div
              className="Card front"
>
              <img
                            src="https://image.tmdb.org/t/p/w500undefined"
              />
</div>,
            <div
              className="Card back"
>
              <h1 />
              <h3>
                            Rating: 
              </h3>
              <h3 />
              <p />
</div>,
          ],
          "className": "flipper",
        },
        "ref": null,
        "rendered": Array [
          Object {
            "instance": null,
            "key": undefined,
            "nodeType": "host",
            "props": Object {
              "children": <img
                src="https://image.tmdb.org/t/p/w500undefined"
/>,
              "className": "Card front",
            },
            "ref": null,
            "rendered": Object {
              "instance": null,
              "key": undefined,
              "nodeType": "host",
              "props": Object {
                "src": "https://image.tmdb.org/t/p/w500undefined",
              },
              "ref": null,
              "rendered": null,
              "type": "img",
            },
            "type": "div",
          },
          Object {
            "instance": null,
            "key": undefined,
            "nodeType": "host",
            "props": Object {
              "children": Array [
                <h1 />,
                <h3>
                  Rating: 
</h3>,
                <h3 />,
                <p />,
              ],
              "className": "Card back",
            },
            "ref": null,
            "rendered": Array [
              Object {
                "instance": null,
                "key": undefined,
                "nodeType": "host",
                "props": Object {
                  "children": undefined,
                },
                "ref": null,
                "rendered": null,
                "type": "h1",
              },
              Object {
                "instance": null,
                "key": undefined,
                "nodeType": "host",
                "props": Object {
                  "children": Array [
                    "Rating: ",
                    undefined,
                  ],
                },
                "ref": null,
                "rendered": Array [
                  "Rating: ",
                  undefined,
                ],
                "type": "h3",
              },
              Object {
                "instance": null,
                "key": undefined,
                "nodeType": "host",
                "props": Object {
                  "children": undefined,
                },
                "ref": null,
                "rendered": null,
                "type": "h3",
              },
              Object {
                "instance": null,
                "key": undefined,
                "nodeType": "host",
                "props": Object {
                  "children": undefined,
                },
                "ref": null,
                "rendered": null,
                "type": "p",
              },
            ],
            "type": "div",
          },
        ],
        "type": "div",
      },
      "type": "div",
    },
  ],
  Symbol(enzyme.__options__): Object {
    "adapter": ReactSixteenAdapter {
      "options": Object {
        "enableComponentDidUpdateOnSetState": true,
      },
    },
  },
}
`;
