// Jest Snapshot v1, https://goo.gl/fbAQLP

exports[`App matches snapshot 1`] = `
ShallowWrapper {
  "length": 1,
  Symbol(enzyme.__root__): [Circular],
  Symbol(enzyme.__unrendered__): <App
    storeMovies={[Function]}
    user={Object {}}
    userLoggedOut={[Function]}
/>,
  Symbol(enzyme.__renderer__): Object {
    "batchedUpdates": [Function],
    "getNode": [Function],
    "render": [Function],
    "simulateEvent": [Function],
    "unmount": [Function],
  },
  Symbol(enzyme.__node__): Object {
    "instance": null,
    "key": undefined,
    "nodeType": "host",
    "props": Object {
      "children": Array [
        <header
          className="App-header"
>
          <h1
                    className="App-title"
          >
                    MOVIE - TRACKER
          </h1>
          <Route
                    component={[Function]}
                    exact={true}
                    path="/"
          />
          <Route
                    component={[Function]}
                    exact={true}
                    path="/login"
          />
          <Route
                    component={[Function]}
                    exact={true}
                    path="/favorites"
          />
</header>,
        <div
          className="nav-container"
>
          <NavLink
                    activeClassName="active"
                    ariaCurrent="true"
                    className="nav-btn"
                    to="/"
          >
                    Home
          </NavLink>
          <NavLink
                    activeClassName="active"
                    ariaCurrent="true"
                    className="log-in-button nav-btn"
                    to="/login"
          >
                    Log in
          </NavLink>
          <NavLink
                    activeClassName="active"
                    ariaCurrent="true"

                    className="log-in-button nav-btn"

                    to="/favorites"
          >
                    Your Favorites
          </NavLink>

</div>,
</header>,
        <Route
          component={[Function]}
          exact={true}
          path="/"
/>,
        <Route
          component={[Function]}
          exact={true}
          path="/login"
/>,
        <Route
          component={[Function]}
          exact={true}
          path="/favorites"
/>,

      ],
      "className": "App",
    },
    "ref": null,
    "rendered": Array [
      Object {
        "instance": null,
        "key": undefined,
        "nodeType": "host",
        "props": Object {
          "children": Array [
            <h1
              className="App-title"
>
              MOVIE - TRACKER
</h1>,
            <Route
              component={[Function]}
              exact={true}
              path="/"
/>,
            <Route
              component={[Function]}
              exact={true}
              path="/login"
/>,
            <Route
              component={[Function]}
              exact={true}
              path="/favorites"
/>,
          ],
          "className": "App-header",
        },
        "ref": null,
        "rendered": Array [
          Object {
            "instance": null,
            "key": undefined,
            "nodeType": "host",
            "props": Object {
              "children": "MOVIE - TRACKER",
              "className": "App-title",
            },
            "ref": null,
            "rendered": "MOVIE - TRACKER",
            "type": "h1",
          },
          Object {
            "instance": null,
            "key": undefined,
            "nodeType": "class",
            "props": Object {
              "component": [Function],
              "exact": true,
              "path": "/",
            },
            "ref": null,
            "rendered": null,
            "type": [Function],
          },
          Object {
            "instance": null,
            "key": undefined,
            "nodeType": "class",
            "props": Object {
              "component": [Function],
              "exact": true,
              "path": "/login",
            },
            "ref": null,
            "rendered": null,
            "type": [Function],
          },
          Object {
            "instance": null,
            "key": undefined,
            "nodeType": "class",
            "props": Object {
              "component": [Function],
              "exact": true,
              "path": "/favorites",
            },
            "ref": null,
            "rendered": null,
            "type": [Function],
          },
        ],
        "type": "header",
      },
      Object {
        "instance": null,
        "key": undefined,
        "nodeType": "host",
        "props": Object {
          "children": Array [
            <NavLink
              activeClassName="active"
              ariaCurrent="true"
              className="nav-btn"
              to="/"
>
              Home
</NavLink>,
            <NavLink
              activeClassName="active"
              ariaCurrent="true"
              className="log-in-button nav-btn"
              to="/login"
>
              Log in
</NavLink>,
            <NavLink
              activeClassName="active"
              ariaCurrent="true"
              className="log-in-button nav-btn"

              to="/favorites"
>
              Your Favorites
</NavLink>,
          ],
          "className": "nav-container",
        },
        "ref": null,
        "rendered": Array [
          Object {
            "instance": null,
            "key": undefined,
            "nodeType": "function",
            "props": Object {
              "activeClassName": "active",
              "ariaCurrent": "true",
              "children": "Home",
              "className": "nav-btn",
              "to": "/",
            },
            "ref": null,
            "rendered": "Home",
            "type": [Function],
          },
          Object {
            "instance": null,
            "key": undefined,
            "nodeType": "function",
            "props": Object {
              "activeClassName": "active",
              "ariaCurrent": "true",
              "children": "Log in",
              "className": "log-in-button nav-btn",
              "to": "/login",
            },
            "ref": null,
            "rendered": "Log in",
            "type": [Function],
          },
          Object {
            "instance": null,
            "key": undefined,
            "nodeType": "function",
            "props": Object {
              "activeClassName": "active",
              "ariaCurrent": "true",
              "children": "Your Favorites",
              "className": "log-in-button nav-btn",
              "to": "/favorites",
            },
            "ref": null,
            "rendered": "Your Favorites",
            "type": [Function],
          },
          Object {
            "instance": null,
            "key": undefined,
            "nodeType": "function",
            "props": Object {
              "activeClassName": "active",
              "ariaCurrent": "true",
              "children": "Your Favorites",
              "className": "log-in-button",
              "to": "/favorites",
            },
            "ref": null,
            "rendered": "Your Favorites",
            "type": [Function],
          },
        ],
        "type": "div",
      },
      Object {
        "instance": null,
        "key": undefined,
        "nodeType": "class",
        "props": Object {
          "component": [Function],
          "exact": true,
          "path": "/favorites",
        },
        "ref": null,
        "rendered": null,
        "type": [Function],
      },
    ],
    "type": "div",
  },
  Symbol(enzyme.__nodes__): Array [
    Object {
      "instance": null,
      "key": undefined,
      "nodeType": "host",
      "props": Object {
        "children": Array [
          <header
            className="App-header"
>
            <h1
                        className="App-title"
            >
                        MOVIE - TRACKER
            </h1>
            <Route
                        component={[Function]}
                        exact={true}
                        path="/"
            />
            <Route
                        component={[Function]}
                        exact={true}
                        path="/login"
            />
            <Route
                        component={[Function]}
                        exact={true}
                        path="/favorites"
            />
</header>,
          <div
            className="nav-container"
>
            <NavLink
                        activeClassName="active"
                        ariaCurrent="true"
                        className="nav-btn"
                        to="/"
            >
                        Home
            </NavLink>
            <NavLink
                        activeClassName="active"
                        ariaCurrent="true"
                        className="log-in-button nav-btn"
                        to="/login"
            >
                        Log in
            </NavLink>
            <NavLink
                        activeClassName="active"
                        ariaCurrent="true"

                        className="log-in-button nav-btn"

                        to="/favorites"
            >
                        Your Favorites
            </NavLink>

</div>,

</header>,
          <Route
            component={[Function]}
            exact={true}
            path="/"
/>,
          <Route
            component={[Function]}
            exact={true}
            path="/login"
/>,
          <Route
            component={[Function]}
            exact={true}
            path="/favorites"
/>,

        ],
        "className": "App",
      },
      "ref": null,
      "rendered": Array [
        Object {
          "instance": null,
          "key": undefined,
          "nodeType": "host",
          "props": Object {
            "children": Array [
              <h1
                className="App-title"
>
                MOVIE - TRACKER
</h1>,
              <Route
                component={[Function]}
                exact={true}
                path="/"
/>,
              <Route
                component={[Function]}
                exact={true}
                path="/login"
/>,
              <Route
                component={[Function]}
                exact={true}
                path="/favorites"
/>,
            ],
            "className": "App-header",
          },
          "ref": null,
          "rendered": Array [
            Object {
              "instance": null,
              "key": undefined,
              "nodeType": "host",
              "props": Object {
                "children": "MOVIE - TRACKER",
                "className": "App-title",
              },
              "ref": null,
              "rendered": "MOVIE - TRACKER",
              "type": "h1",
            },
            Object {
              "instance": null,
              "key": undefined,
              "nodeType": "class",
              "props": Object {
                "component": [Function],
                "exact": true,
                "path": "/",
              },
              "ref": null,
              "rendered": null,
              "type": [Function],
            },
            Object {
              "instance": null,
              "key": undefined,
              "nodeType": "class",
              "props": Object {
                "component": [Function],
                "exact": true,
                "path": "/login",
              },
              "ref": null,
              "rendered": null,
              "type": [Function],
            },
            Object {
              "instance": null,
              "key": undefined,
              "nodeType": "class",
              "props": Object {
                "component": [Function],
                "exact": true,
                "path": "/favorites",
              },
              "ref": null,
              "rendered": null,
              "type": [Function],
            },
          ],
          "type": "header",
        },
        Object {
          "instance": null,
          "key": undefined,
          "nodeType": "host",
          "props": Object {
            "children": Array [
              <NavLink
                activeClassName="active"
                ariaCurrent="true"
                className="nav-btn"
                to="/"
>
                Home
</NavLink>,
              <NavLink
                activeClassName="active"
                ariaCurrent="true"
                className="log-in-button nav-btn"
                to="/login"
>
                Log in
</NavLink>,
              <NavLink
                activeClassName="active"
                ariaCurrent="true"

                className="log-in-button nav-btn"

                to="/favorites"
>
                Your Favorites
</NavLink>,
            ],
            "className": "nav-container",
          },
          "ref": null,
          "rendered": Array [
            Object {
              "instance": null,
              "key": undefined,
              "nodeType": "function",
              "props": Object {
                "activeClassName": "active",
                "ariaCurrent": "true",
                "children": "Home",
                "className": "nav-btn",
                "to": "/",
              },
              "ref": null,
              "rendered": "Home",
              "type": [Function],
            },
            Object {
              "instance": null,
              "key": undefined,
              "nodeType": "function",
              "props": Object {
                "activeClassName": "active",
                "ariaCurrent": "true",
                "children": "Log in",
                "className": "log-in-button nav-btn",
                "to": "/login",
              },
              "ref": null,
              "rendered": "Log in",
              "type": [Function],
            },
            Object {
              "instance": null,
              "key": undefined,
              "nodeType": "function",
              "props": Object {
                "activeClassName": "active",
                "ariaCurrent": "true",
                "children": "Your Favorites",
                "className": "log-in-button nav-btn",
                "to": "/favorites",
              },
              "ref": null,
              "rendered": "Your Favorites",
              "type": [Function],
            },
            Object {
              "instance": null,
              "key": undefined,
              "nodeType": "function",
              "props": Object {
                "activeClassName": "active",
                "ariaCurrent": "true",
                "children": "Your Favorites",
                "className": "log-in-button",
                "to": "/favorites",
              },
              "ref": null,
              "rendered": "Your Favorites",
              "type": [Function],
            },
          ],
          "type": "div",
        },
        Object {
          "instance": null,
          "key": undefined,
          "nodeType": "class",
          "props": Object {
            "component": [Function],
            "exact": true,
            "path": "/favorites",
          },
          "ref": null,
          "rendered": null,
          "type": [Function],
        },
      ],
      "type": "div",
    },
  ],
  Symbol(enzyme.__options__): Object {
    "adapter": ReactSixteenAdapter {
      "options": Object {
        "enableComponentDidUpdateOnSetState": true,
      },
    },
    "disableLifecycleMethods": true,
  },
}
`;
